\BOOKMARK [1][-]{section.1}{\376\377\0001\000\040\000I\000n\000t\000r\000o\000d\000u\000c\000t\000i\000o\000n}{}% 1
\BOOKMARK [1][-]{section.2}{\376\377\0002\000\040\000P\000r\000e\000l\000i\000m\000i\000n\000a\000r\000i\000e\000s}{}% 2
\BOOKMARK [2][-]{subsection.2.1}{\376\377\0002\000.\0001\000\040\000C\000l\000a\000s\000s\000i\000f\000i\000c\000a\000t\000i\000o\000n}{section.2}% 3
\BOOKMARK [3][-]{subsubsection.2.1.1}{\376\377\0002\000.\0001\000.\0001\000\040\000D\000e\000c\000i\000s\000i\000o\000n\000\040\000T\000r\000e\000e\000\040\000C\000l\000a\000s\000s\000i\000f\000i\000e\000r\000s}{subsection.2.1}% 4
\BOOKMARK [3][-]{subsubsection.2.1.2}{\376\377\0002\000.\0001\000.\0002\000\040\000R\000a\000n\000d\000o\000m\000\040\000F\000o\000r\000e\000s\000t\000\040\000C\000l\000a\000s\000s\000i\000f\000i\000e\000r\000s}{subsection.2.1}% 5
\BOOKMARK [2][-]{subsection.2.2}{\376\377\0002\000.\0002\000\040\000P\000r\000i\000m\000e\000\040\000I\000m\000p\000l\000i\000c\000a\000n\000t\000s}{section.2}% 6
\BOOKMARK [1][-]{section.3}{\376\377\0003\000\040\000A\000p\000p\000r\000o\000a\000c\000h}{}% 7
\BOOKMARK [2][-]{subsection.3.1}{\376\377\0003\000.\0001\000\040\000E\000n\000c\000o\000d\000i\000n\000g\000\040\000D\000e\000c\000i\000s\000i\000o\000n\000\040\000T\000r\000e\000e\000\040\000C\000l\000a\000s\000s\000i\000f\000i\000e\000r\000s}{section.3}% 8
\BOOKMARK [3][-]{subsubsection.3.1.1}{\376\377\0003\000.\0001\000.\0001\000\040\000V\000a\000r\000i\000a\000b\000l\000e\000s}{subsection.3.1}% 9
\BOOKMARK [3][-]{subsubsection.3.1.2}{\376\377\0003\000.\0001\000.\0002\000\040\000C\000l\000a\000u\000s\000e\000s}{subsection.3.1}% 10
\BOOKMARK [2][-]{subsection.3.2}{\376\377\0003\000.\0002\000\040\000E\000n\000c\000o\000d\000i\000n\000g\000\040\000R\000a\000n\000d\000o\000m\000\040\000F\000o\000r\000e\000s\000t\000\040\000C\000l\000a\000s\000s\000i\000f\000i\000e\000r\000s}{section.3}% 11
\BOOKMARK [3][-]{subsubsection.3.2.1}{\376\377\0003\000.\0002\000.\0001\000\040\000E\000n\000c\000o\000d\000i\000n\000g\000\040\000I\000n\000t\000e\000r\000v\000a\000l\000\040\000C\000o\000n\000s\000t\000r\000a\000i\000n\000t\000s\000\040\000f\000o\000r\000\040\000R\000a\000n\000d\000o\000m\000\040\000F\000o\000r\000e\000s\000t\000s}{subsection.3.2}% 12
\BOOKMARK [3][-]{subsubsection.3.2.2}{\376\377\0003\000.\0002\000.\0002\000\040\000E\000n\000c\000o\000d\000i\000n\000g\000\040\000C\000l\000a\000s\000s\000\040\000C\000o\000n\000s\000t\000r\000a\000i\000n\000t\000s\000\040\000f\000o\000r\000\040\000R\000a\000n\000d\000o\000m\000\040\000F\000o\000r\000e\000s\000t\000s}{subsection.3.2}% 13
\BOOKMARK [2][-]{subsection.3.3}{\376\377\0003\000.\0003\000\040\000E\000x\000p\000l\000a\000i\000n\000i\000n\000g\000\040\000C\000l\000a\000s\000s\000e\000s\000\040\000w\000i\000t\000h\000\040\000P\000r\000i\000m\000e\000\040\000I\000m\000p\000l\000i\000c\000a\000n\000t\000s}{section.3}% 14
\BOOKMARK [3][-]{subsubsection.3.3.1}{\376\377\0003\000.\0003\000.\0001\000\040\000M\000i\000n\000i\000m\000i\000z\000i\000n\000g\000\040\000P\000o\000s\000i\000t\000i\000v\000e\000\040\000I\000n\000p\000u\000t\000s}{subsection.3.3}% 15
\BOOKMARK [3][-]{subsubsection.3.3.2}{\376\377\0003\000.\0003\000.\0002\000\040\000D\000e\000c\000o\000d\000i\000n\000g\000\040\000P\000r\000i\000m\000e\000\040\000I\000m\000p\000l\000i\000c\000a\000n\000t\000s}{subsection.3.3}% 16
\BOOKMARK [1][-]{section.4}{\376\377\0004\000\040\000E\000v\000a\000l\000u\000a\000t\000i\000o\000n}{}% 17
\BOOKMARK [2][-]{subsection.4.1}{\376\377\0004\000.\0001\000\040\000I\000m\000p\000l\000e\000m\000e\000n\000t\000a\000t\000i\000o\000n\000\040\000a\000n\000d\000\040\000D\000a\000t\000a\000s\000e\000t}{section.4}% 18
\BOOKMARK [3][-]{subsubsection.4.1.1}{\376\377\0004\000.\0001\000.\0001\000\040\000D\000a\000t\000a\000s\000e\000t}{subsection.4.1}% 19
\BOOKMARK [2][-]{subsection.4.2}{\376\377\0004\000.\0002\000\040\000E\000x\000p\000l\000a\000i\000n\000i\000n\000g\000\040\000C\000l\000a\000s\000s\000i\000f\000i\000c\000a\000t\000i\000o\000n\000\040\000R\000e\000s\000u\000l\000t\000s}{section.4}% 20
\BOOKMARK [3][-]{subsubsection.4.2.1}{\376\377\0004\000.\0002\000.\0001\000\040\000I\000n\000s\000t\000a\000n\000c\000e\000\040\000F\000a\000m\000i\000l\000y\000\040\000C\000l\000a\000s\000s\000i\000f\000i\000e\000r}{subsection.4.2}% 21
\BOOKMARK [3][-]{subsubsection.4.2.2}{\376\377\0004\000.\0002\000.\0002\000\040\000S\000m\000a\000l\000l\000\040\000P\000o\000r\000t\000f\000o\000l\000i\000o\000s\000\040\000C\000l\000a\000s\000s\000i\000f\000i\000e\000r}{subsection.4.2}% 22
\BOOKMARK [1][-]{section.5}{\376\377\0005\000\040\000C\000o\000n\000c\000l\000u\000s\000i\000o\000n}{}% 23
